PS C:\Users\vinay\Desktop\FloraBERT-main> & C:/Users/vinay/AppData/Local/Programs/Python/Python310/python.exe c:/Users/vinay/Desktop/FloraBERT-main/module/setup.py
usage: setup.py [global_opts] cmd1 [cmd1_opts] [cmd2 [cmd2_opts] ...]
error: no commands supplied
PS C:\Users\vinay\Desktop\FloraBERT-main> cd module
error: no commands supplied
PS C:\Users\vinay\Desktop\FloraBERT-main\module> cd ..
PS C:\Users\vinay\Desktop\FloraBERT-main> cd module
PS C:\Users\vinay\Desktop\FloraBERT-main\module> cd florabert
PS C:\Users\vinay\Desktop\FloraBERT-main\module> cd ..
PS C:\Users\vinay\Desktop\FloraBERT-main> cd scripts
PS C:\Users\vinay\Desktop\FloraBERT-main\scripts> cd .\0-data-loading-processing\
PS C:\Users\vinay\Desktop\FloraBERT-main\scripts\0-data-loading-processing> python .\02-download-process-db-data.py
Traceback (most recent call last):
  File "C:\Users\vinay\Desktop\FloraBERT-main\scripts\0-data-loading-processing\02-download-process-db-data.py", line 16, in <module>
    from florabert import config
ModuleNotFoundError: No module named 'florabert'
PS C:\Users\vinay\Desktop\FloraBERT-main\scripts\0-data-loading-processing> cd ..
PS C:\Users\vinay\Desktop\FloraBERT-main\scripts> cd ..
PS C:\Users\vinay\Desktop\FloraBERT-main> set PYTHONPATH=C:\Users\vinay\Desktop\FloraBERT-main\module
PS C:\Users\vinay\Desktop\FloraBERT-main> cd module
PS C:\Users\vinay\Desktop\FloraBERT-main\module> python setup.py develop
running develop
C:\Users\vinay\AppData\Local\Programs\Python\Python310\lib\site-packages\setuptools\command\develop.py:40: EasyInstallDeprecationWarning: easy_install command is deprecated.
!!

        ********************************************************************************
        Please avoid running ``setup.py`` and ``easy_install``.
        Instead, use pypa/build, pypa/installer or other
        standards-based tools.

        See https://github.com/pypa/setuptools/issues/917 for details.
        ********************************************************************************

!!
  easy_install.initialize_options(self)
C:\Users\vinay\AppData\Local\Programs\Python\Python310\lib\site-packages\setuptools\_distutils\cmd.py:66: SetuptoolsDeprecationWarning: setup.py install is deprecated.
!!

        ********************************************************************************
        Please avoid running ``setup.py`` directly.
        Instead, use pypa/build, pypa/installer or other
        standards-based tools.

        See https://blog.ganssle.io/articles/2021/10/setup-py-deprecated.html for details.
        ********************************************************************************

!!
  self.initialize_options()
running egg_info
creating florabert.egg-info
writing dependency_links to florabert.egg-info\dependency_links.txt
reading manifest file 'florabert.egg-info\SOURCES.txt'
writing manifest file 'florabert.egg-info\SOURCES.txt'
running build_ext
Creating c:\users\vinay\appdata\local\programs\python\python310\lib\site-packages\florabert.egg-link (link to .)
Adding florabert 0.1 to easy-install.pth file

Installed c:\users\vinay\desktop\florabert-main\module
Processing dependencies for florabert==0.1
Finished processing dependencies for florabert==0.1
PS C:\Users\vinay\Desktop\FloraBERT-main\module> pip install -r requirements.txt
ERROR: Could not open requirements file: [Errno 2] No such file or directory: 'requirements.txt'
PS C:\Users\vinay\Desktop\FloraBERT-main\module> cd ..
PS C:\Users\vinay\Desktop\FloraBERT-main> pip install -r requirements.txt
Obtaining file:///C:/Users/vinay/Desktop/FloraBERT-main/module (from -r requirements.txt (line 5))
  Preparing metadata (setup.py) ... done
Collecting beautifulsoup4~=4.9 (from -r requirements.txt (line 1))
  Downloading beautifulsoup4-4.12.2-py3-none-any.whl (142 kB)
     ━━━━━━━━━━━━━━━━━━━━━━━━━━━━━━━━━━━━━━━━ 143.0/143.0 kB 368.7 kB/s eta 0:00:00
Requirement already satisfied: biopython~=1.78 in c:\users\vinay\appdata\local\programs\python\python310\lib\site-packages (from -r requirements.txt (line 2)) (1.81)
Collecting boto3 (from -r requirements.txt (line 3))
  Downloading boto3-1.28.77-py3-none-any.whl.metadata (6.7 kB)
Collecting click~=7.1 (from -r requirements.txt (line 4))
  Downloading click-7.1.2-py2.py3-none-any.whl (82 kB)
     ━━━━━━━━━━━━━━━━━━━━━━━━━━━━━━━━━━━━━━━━ 82.8/82.8 kB 231.8 kB/s eta 0:00:00
Collecting ipython~=7.18 (from -r requirements.txt (line 6))
  Downloading ipython-7.34.0-py3-none-any.whl (793 kB)
     ━━━━━━━━━━━━━━━━━━━━━━━━━━━━━━━━━━━━━━━━ 793.8/793.8 kB 82.1 kB/s eta 0:00:00
Collecting joblib~=0.16 (from -r requirements.txt (line 7))
  Downloading joblib-0.17.0-py3-none-any.whl (301 kB)
     ━━━━━━━━━━━━━━━━━━━━━━━━━━━━━━━━━━━━━━━━ 301.5/301.5 kB 103.0 kB/s eta 0:00:00
Requirement already satisfied: matplotlib~=3.3 in c:\users\vinay\appdata\local\programs\python\python310\lib\site-packages (from -r requirements.txt (line 8)) (3.5.3)
Requirement already satisfied: numpy~=1.19 in c:\users\vinay\appdata\local\programs\python\python310\lib\site-packages (from -r requirements.txt (line 9)) (1.23.0)
Requirement already satisfied: pandas~=1.1 in c:\users\vinay\appdata\local\programs\python\python310\lib\site-packages (from -r requirements.txt (line 10)) (1.4.4)
Collecting PyYAML~=5.3 (from -r requirements.txt (line 11))
  Downloading PyYAML-5.4.1.tar.gz (175 kB)
     ━━━━━━━━━━━━━━━━━━━━━━━━━━━━━━━━━━━━━━━━ 175.1/175.1 kB 91.8 kB/s eta 0:00:00
  Installing build dependencies ... done
  Getting requirements to build wheel ... error
  error: subprocess-exited-with-error

  × Getting requirements to build wheel did not run successfully.
  │ exit code: 1
  ╰─> [62 lines of output]
      C:\Users\vinay\AppData\Local\Temp\pip-build-env-vtubsd95\overlay\Lib\site-packages\setuptools\config\setupcfg.py:293: _DeprecatedConfig: Deprecated config in `setup.cfg`
      !!
     
              ********************************************************************************
              The license_file parameter is deprecated, use license_files instead.
     
              This deprecation is overdue, please update your project and remove deprecated
              calls to avoid build errors in the future.
     
              See https://setuptools.pypa.io/en/latest/userguide/declarative_config.html for details.
              ********************************************************************************
     
      !!
        parsed = self.parsers.get(option_name, lambda x: x)(value)
      running egg_info
      writing lib3\PyYAML.egg-info\PKG-INFO
      writing dependency_links to lib3\PyYAML.egg-info\dependency_links.txt
      writing top-level names to lib3\PyYAML.egg-info\top_level.txt
      Traceback (most recent call last):
        File "C:\Users\vinay\AppData\Local\Programs\Python\Python310\lib\site-packages\pip\_vendor\pyproject_hooks\_in_process\_in_process.py", line 353, in <module>
          main()
        File "C:\Users\vinay\AppData\Local\Programs\Python\Python310\lib\site-packages\pip\_vendor\pyproject_hooks\_in_process\_in_process.py", line 335, in main
          json_out['return_val'] = hook(**hook_input['kwargs'])
        File "C:\Users\vinay\AppData\Local\Programs\Python\Python310\lib\site-packages\pip\_vendor\pyproject_hooks\_in_process\_in_process.py", line 118, in get_requires_for_build_wheel
          return hook(config_settings)
        File "C:\Users\vinay\AppData\Local\Temp\pip-build-env-vtubsd95\overlay\Lib\site-packages\setuptools\build_meta.py", line 355, in get_requires_for_build_wheel
          return self._get_build_requires(config_settings, requirements=['wheel'])
        File "C:\Users\vinay\AppData\Local\Temp\pip-build-env-vtubsd95\overlay\Lib\site-packages\setuptools\build_meta.py", line 325, in _get_build_requires
          self.run_setup()
        File "C:\Users\vinay\AppData\Local\Temp\pip-build-env-vtubsd95\overlay\Lib\site-packages\setuptools\build_meta.py", line 341, in run_setup          exec(code, locals())
        File "<string>", line 271, in <module>
        File "C:\Users\vinay\AppData\Local\Temp\pip-build-env-vtubsd95\overlay\Lib\site-packages\setuptools\__init__.py", line 103, in setup      
          return distutils.core.setup(**attrs)
        File "C:\Users\vinay\AppData\Local\Temp\pip-build-env-vtubsd95\overlay\Lib\site-packages\setuptools\_distutils\core.py", line 185, in setup
          return run_commands(dist)
        File "C:\Users\vinay\AppData\Local\Temp\pip-build-env-vtubsd95\overlay\Lib\site-packages\setuptools\_distutils\core.py", line 201, in run_commands
          dist.run_commands()
        File "C:\Users\vinay\AppData\Local\Temp\pip-build-env-vtubsd95\overlay\Lib\site-packages\setuptools\_distutils\dist.py", line 969, in run_commands
          self.run_command(cmd)
        File "C:\Users\vinay\AppData\Local\Temp\pip-build-env-vtubsd95\overlay\Lib\site-packages\setuptools\dist.py", line 989, in run_command    
          super().run_command(command)
        File "C:\Users\vinay\AppData\Local\Temp\pip-build-env-vtubsd95\overlay\Lib\site-packages\setuptools\_distutils\dist.py", line 988, in run_command
          cmd_obj.run()
        File "C:\Users\vinay\AppData\Local\Temp\pip-build-env-vtubsd95\overlay\Lib\site-packages\setuptools\command\egg_info.py", line 318, in run          self.find_sources()
        File "C:\Users\vinay\AppData\Local\Temp\pip-build-env-vtubsd95\overlay\Lib\site-packages\setuptools\command\egg_info.py", line 326, in find_sources
          mm.run()
        File "C:\Users\vinay\AppData\Local\Temp\pip-build-env-vtubsd95\overlay\Lib\site-packages\setuptools\command\egg_info.py", line 548, in run          self.add_defaults()
        File "C:\Users\vinay\AppData\Local\Temp\pip-build-env-vtubsd95\overlay\Lib\site-packages\setuptools\command\egg_info.py", line 586, in add_defaults
          sdist.add_defaults(self)
        File "C:\Users\vinay\AppData\Local\Temp\pip-build-env-vtubsd95\overlay\Lib\site-packages\setuptools\command\sdist.py", line 113, in add_defaults
          super().add_defaults()
        File "C:\Users\vinay\AppData\Local\Temp\pip-build-env-vtubsd95\overlay\Lib\site-packages\setuptools\_distutils\command\sdist.py", line 251, in add_defaults
          self._add_defaults_ext()
        File "C:\Users\vinay\AppData\Local\Temp\pip-build-env-vtubsd95\overlay\Lib\site-packages\setuptools\_distutils\command\sdist.py", line 336, in _add_defaults_ext
          self.filelist.extend(build_ext.get_source_files())
        File "<string>", line 201, in get_source_files
        File "C:\Users\vinay\AppData\Local\Temp\pip-build-env-vtubsd95\overlay\Lib\site-packages\setuptools\_distutils\cmd.py", line 107, in __get          raise AttributeError(attr)
      [end of output]

  note: This error originates from a subprocess, and is likely not a problem with pip.
error: subprocess-exited-with-error

× Getting requirements to build wheel did not run successfully.
│ exit code: 1
╰─> See above for output.

note: This error originates from a subprocess, and is likely not a problem with pip.
PS C:\Users\vinay\Desktop\FloraBERT-main> pip install wget
Requirement already satisfied: wget in c:\users\vinay\appdata\local\programs\python\python310\lib\site-packages (3.2)
PS C:\Users\vinay\Desktop\FloraBERT-main> pip install bio 
Requirement already satisfied: bio in c:\users\vinay\appdata\local\programs\python\python310\lib\site-packages (1.5.9)
Requirement already satisfied: biopython>=1.80 in c:\users\vinay\appdata\local\programs\python\python310\lib\site-packages (from bio) (1.81)
Requirement already satisfied: requests in c:\users\vinay\appdata\local\programs\python\python310\lib\site-packages (from bio) (2.31.0)
Requirement already satisfied: tqdm in c:\users\vinay\appdata\local\programs\python\python310\lib\site-packages (from bio) (4.66.1)
Requirement already satisfied: mygene in c:\users\vinay\appdata\local\programs\python\python310\lib\site-packages (from bio) (3.2.2)
Requirement already satisfied: pandas in c:\users\vinay\appdata\local\programs\python\python310\lib\site-packages (from bio) (1.4.4)
Requirement already satisfied: pooch in c:\users\vinay\appdata\local\programs\python\python310\lib\site-packages (from bio) (1.7.0)
Requirement already satisfied: gprofiler-official in c:\users\vinay\appdata\local\programs\python\python310\lib\site-packages (from bio) (1.0.0)
Requirement already satisfied: numpy in c:\users\vinay\appdata\local\programs\python\python310\lib\site-packages (from biopython>=1.80->bio) (1.23.0)
Requirement already satisfied: biothings-client>=0.2.6 in c:\users\vinay\appdata\local\programs\python\python310\lib\site-packages (from mygene->bio) (0.3.0)
Requirement already satisfied: python-dateutil>=2.8.1 in c:\users\vinay\appdata\local\programs\python\python310\lib\site-packages (from pandas->bio) (2.8.2)
Requirement already satisfied: pytz>=2020.1 in c:\users\vinay\appdata\local\programs\python\python310\lib\site-packages (from pandas->bio) (2022.2.1)
Requirement already satisfied: platformdirs>=2.5.0 in c:\users\vinay\appdata\local\programs\python\python310\lib\site-packages (from pooch->bio) (3.10.0)
Requirement already satisfied: packaging>=20.0 in c:\users\vinay\appdata\local\programs\python\python310\lib\site-packages (from pooch->bio) (21.3Requirement already satisfied: idna<4,>=2.5 in c:\users\vinay\appdata\local\programs\python\python310\lib\site-packages (from requests->bio) (3.4)Requirement already satisfied: urllib3<3,>=1.21.1 in c:\users\vinay\appdata\local\programs\python\python310\lib\site-packages (from requests->bio) (2.0.5)
Requirement already satisfied: certifi>=2017.4.17 in c:\users\vinay\appdata\local\programs\python\python310\lib\site-packages (from requests->bio) (2023.7.22)
Requirement already satisfied: colorama in c:\users\vinay\appdata\local\programs\python\python310\lib\site-packages (from tqdm->bio) (0.4.6)      
Requirement already satisfied: pyparsing!=3.0.5,>=2.0.2 in c:\users\vinay\appdata\local\programs\python\python310\lib\site-packages (from packaging>=20.0->pooch->bio) (3.0.9)
pandas->bio) (1.16.0)
PS C:\Users\vinay\Desktop\FloraBERT-main> cd .\scripts\  
PS C:\Users\vinay\Desktop\FloraBERT-main\scripts> cd .\0-data-loading-processing\
PS C:\Users\vinay\Desktop\FloraBERT-main\scripts\0-data-loading-processing> python .\02-download-process-db-data.py
Traceback (most recent call last):
  File "C:\Users\vinay\Desktop\FloraBERT-main\scripts\0-data-loading-processing\02-download-process-db-data.py", line 16, in <module>
    from florabert import config
  File "c:\users\vinay\desktop\florabert-main\module\florabert\__init__.py", line 1, in <module>
  File "c:\users\vinay\desktop\florabert-main\module\florabert\utils.py", line 17, in <module>
    from IPython.display import display
ModuleNotFoundError: No module named 'IPython'
PS C:\Users\vinay\Desktop\FloraBERT-main\scripts\0-data-loading-processing> python .\02-download-process-db-data.py Ensembl
Traceback (most recent call last):
  File "C:\Users\vinay\Desktop\FloraBERT-main\scripts\0-data-loading-processing\02-download-process-db-data.py", line 16, in <module>
    from florabert import config
  File "c:\users\vinay\desktop\florabert-main\module\florabert\__init__.py", line 1, in <module>
    from . import config, utils
  File "c:\users\vinay\desktop\florabert-main\module\florabert\utils.py", line 17, in <module>
    from IPython.display import display
ModuleNotFoundError: No module named 'IPython'
PS C:\Users\vinay\Desktop\FloraBERT-main\scripts\0-data-loading-processing> pip install IPython
Collecting IPython
  Downloading ipython-8.17.2-py3-none-any.whl.metadata (6.0 kB)
Collecting decorator (from IPython)
  Downloading decorator-5.1.1-py3-none-any.whl (9.1 kB)
Collecting jedi>=0.16 (from IPython)
  Downloading jedi-0.19.1-py2.py3-none-any.whl.metadata (22 kB)
Collecting matplotlib-inline (from IPython)
  Downloading matplotlib_inline-0.1.6-py3-none-any.whl (9.4 kB)
Collecting prompt-toolkit!=3.0.37,<3.1.0,>=3.0.30 (from IPython)
  Downloading prompt_toolkit-3.0.39-py3-none-any.whl.metadata (6.4 kB)
Collecting pygments>=2.4.0 (from IPython)
  Downloading Pygments-2.16.1-py3-none-any.whl.metadata (2.5 kB)
Collecting stack-data (from IPython)
  Downloading stack_data-0.6.3-py3-none-any.whl.metadata (18 kB)
Collecting traitlets>=5 (from IPython)
  Downloading traitlets-5.13.0-py3-none-any.whl.metadata (10 kB)
Collecting exceptiongroup (from IPython)
  Downloading exceptiongroup-1.1.3-py3-none-any.whl.metadata (6.1 kB)
Requirement already satisfied: colorama in c:\users\vinay\appdata\local\programs\python\python310\lib\site-packages (from IPython) (0.4.6)
Collecting parso<0.9.0,>=0.8.3 (from jedi>=0.16->IPython)
  Downloading parso-0.8.3-py2.py3-none-any.whl (100 kB)
     ━━━━━━━━━━━━━━━━━━━━━━━━━━━━━━━━━━━━━━━━ 100.8/100.8 kB 642.1 kB/s eta 0:00:00
Collecting wcwidth (from prompt-toolkit!=3.0.37,<3.1.0,>=3.0.30->IPython)
  Downloading wcwidth-0.2.9-py2.py3-none-any.whl.metadata (14 kB)
Collecting executing>=1.2.0 (from stack-data->IPython)
  Downloading executing-2.0.1-py2.py3-none-any.whl.metadata (9.0 kB)
Collecting asttokens>=2.1.0 (from stack-data->IPython)
  Downloading asttokens-2.4.1-py2.py3-none-any.whl.metadata (5.2 kB)
Collecting pure-eval (from stack-data->IPython)
  Downloading pure_eval-0.2.2-py3-none-any.whl (11 kB)
Requirement already satisfied: six>=1.12.0 in c:\users\vinay\appdata\local\programs\python\python310\lib\site-packages (from asttokens>=2.1.0->stack-data->IPython) (1.16.0)
Downloading ipython-8.17.2-py3-none-any.whl (808 kB)
   ━━━━━━━━━━━━━━━━━━━━━━━━━━━━━━━━━━━━━━━━ 808.4/808.4 kB 623.1 kB/s eta 0:00:00
Downloading jedi-0.19.1-py2.py3-none-any.whl (1.6 MB)
   ━━━━━━━━━━━━━━━━━━━━━━━━━━━━━━━━━━━━━━━━ 1.6/1.6 MB 648.0 kB/s eta 0:00:00
Downloading prompt_toolkit-3.0.39-py3-none-any.whl (385 kB)
   ━━━━━━━━━━━━━━━━━━━━━━━━━━━━━━━━━━━━━━━━ 385.2/385.2 kB 648.8 kB/s eta 0:00:00
Downloading Pygments-2.16.1-py3-none-any.whl (1.2 MB)
Downloading traitlets-5.13.0-py3-none-any.whl (84 kB)
   ━━━━━━━━━━━━━━━━━━━━━━━━━━━━━━━━━━━━━━━━ 85.0/85.0 kB 679.2 kB/s eta 0:00:00
Downloading exceptiongroup-1.1.3-py3-none-any.whl (14 kB)
Downloading stack_data-0.6.3-py3-none-any.whl (24 kB)
Downloading asttokens-2.4.1-py2.py3-none-any.whl (27 kB)
Downloading executing-2.0.1-py2.py3-none-any.whl (24 kB)
Downloading wcwidth-0.2.9-py2.py3-none-any.whl (102 kB)
   ━━━━━━━━━━━━━━━━━━━━━━━━━━━━━━━━━━━━━━━━ 102.3/102.3 kB 1.2 MB/s eta 0:00:00
ack-data, matplotlib-inline, jedi, IPython
so-0.8.3 prompt-toolkit-3.0.39 pure-eval-0.2.2 pygments-2.16.1 stack-data-0.6.3 traitlets-5.13.0 wcwidth-0.2.9
PS C:\Users\vinay\Desktop\FloraBERT-main\scripts\0-data-loading-processing> python .\02-download-process-db-data.py Ensembl
Traceback (most recent call last):
  File "C:\Users\vinay\Desktop\FloraBERT-main\scripts\0-data-loading-processing\02-download-process-db-data.py", line 16, in <module>
    from florabert import config
  File "c:\users\vinay\desktop\florabert-main\module\florabert\__init__.py", line 1, in <module>
    from . import config, utils
  File "c:\users\vinay\desktop\florabert-main\module\florabert\utils.py", line 20, in <module>
ModuleNotFoundError: No module named 'sklearn'
Requirement already satisfied: sklearn in c:\users\vinay\appdata\local\programs\python\python310\lib\site-packages (0.0.post9)
PS C:\Users\vinay\Desktop\FloraBERT-main\scripts\0-data-loading-processing> python .\02-download-process-db-data.py Ensembl
Traceback (most recent call last):
  File "C:\Users\vinay\Desktop\FloraBERT-main\scripts\0-data-loading-processing\02-download-process-db-data.py", line 16, in <module>
    from florabert import config
  File "c:\users\vinay\desktop\florabert-main\module\florabert\__init__.py", line 1, in <module>
    from . import config, utils
  File "c:\users\vinay\desktop\florabert-main\module\florabert\utils.py", line 20, in <module>
    from sklearn.metrics import r2_score
ModuleNotFoundError: No module named 'sklearn'
PS C:\Users\vinay\Desktop\FloraBERT-main\scripts\0-data-loading-processing> pip install sklearn
Requirement already satisfied: sklearn in c:\users\vinay\appdata\local\programs\python\python310\lib\site-packages (0.0.post9)
PS C:\Users\vinay\Desktop\FloraBERT-main\scripts\0-data-loading-processing> python .\02-download-process-db-data.py Ensembl
Traceback (most recent call last):
  File "C:\Users\vinay\Desktop\FloraBERT-main\scripts\0-data-loading-processing\02-download-process-db-data.py", line 16, in <module>
    from florabert import config
  File "c:\users\vinay\desktop\florabert-main\module\florabert\__init__.py", line 1, in <module>
    from . import config, utils
  File "c:\users\vinay\desktop\florabert-main\module\florabert\utils.py", line 20, in <module>
    from sklearn.metrics import r2_score
ModuleNotFoundError: No module named 'sklearn'
PS C:\Users\vinay\Desktop\FloraBERT-main\scripts\0-data-loading-processing> 